Microchip MPLAB XC8 Compiler V3.10

Linker command line:

-W-3 \
  --edf=C:\Program Files\Microchip\xc8\v3.10\pic\dat\20250813170317_en.msgs \
  -cn -h+dist/default/production\bai2.X.production.sym \
  --cmf=dist/default/production\bai2.X.production.cmf -z -Q16F887 \
  -oC:\Users\PC\AppData\Local\Temp\xcAshvg.0\driver_tmp_3.o \
  --defsym=__MPLAB_BUILD=1 --fixupoverflow=error \
  -Mdist/default/production/bai2.X.production.map \
  --md=C:\Users\PC\AppData\Local\Temp\xcAshvg.0\driver_tmp_0.dat -E1 \
  -ver=XC8 Compiler -ACODE=00h-07FFhx4 -ASTRCODE=00h-01FFFh \
  -ASTRING=00h-0FFhx32 -ACONST=00h-0FFhx32 -AENTRY=00h-0FFhx32 \
  -ACOMMON=070h-07Fh -ABANK0=020h-06Fh -ABANK1=0A0h-0EFh \
  -ABANK2=0110h-016Fh -ABANK3=0190h-01EFh \
  -ARAM=020h-06Fh,0A0h-0EFh,0110h-016Fh,0190h-01EFh \
  -AABS1=020h-07Fh,0A0h-0EFh,0110h-016Fh,0190h-01EFh -ASFR0=00h-01Fh \
  -ASFR1=080h-09Fh -ASFR2=0100h-010Fh -ASFR3=0180h-018Fh \
  -ACONFIG=02007h-02008h -DCONFIG=2 -AIDLOC=02000h-02003h -DIDLOC=2 \
  -AEEDATA=00h-0FFh/02100h -peeprom_data=EEDATA -DEEDATA=2 -DCODE=2 \
  -DSTRCODE=2 -DSTRING=2 -DCONST=2 -DENTRY=2 \
  -preset_vec=00h,intentry=04h,sivt,init,end_init -ppowerup=CODE \
  -pcinit=CODE -pfunctab=ENTRY -k \
  C:\Users\PC\AppData\Local\Temp\xcAshvg.0\driver_tmp_12.o \
  dist/default/production\bai2.X.production.o 

Object code version is 3.11

Machine type is 16F887



                Name                               Link     Load   Length Selector   Space Scale
C:\Users\PC\AppData\Local\Temp\xcAshvg.0\driver_tmp_12.o
                end_init                              C        C        3        8       0
                reset_vec                             0        0        3        0       0
                config                             2007     2007        1        0       4
dist/default/production\bai2.X.production.o
                cinit                                 F        F        C        8       0
                intentry                              4        4        8        8       0
                config                             2007     2007        1        0       4
                text23                              CC2      CC2        A     1984       0
                text22                              D0F      D0F       1C     1A1E       0
                text21                              DCB      DCB       37     1B96       0
                text20                              CB9      CB9        9     1972       0
                text19                              D6C      D6C       2B     1AD8       0
                text18                              76F      76F       8E        8       0
                text17                              CF0      CF0        F     19E0       0
                text16                              EC8      EC8       66     1D90       0
                text15                              E80      E80       48     1D00       0
                text14                              F95      F95       6B     1F2A       0
                text13                              D97      D97       34     1B2E       0
                text12                              CD7      CD7        C     19AE       0
                text11                              E3C      E3C       44     1C78       0
                text10                              E02      E02       3A     1C04       0
                text9                               F2E      F2E       67     1E5C       0
                text8                               D2B      D2B       1C     1A56       0
                text7                               CCC      CCC        B     1998       0
                text6                               CE3      CE3        D     19C6       0
                text5                               D47      D47       25     1A8E       0
                text4                               CFF      CFF       10     19FE       0
                text3                               475      475      13A        8       0
                text2                               6A9      6A9       C6        8       0
                text1                               5AF      5AF       FA        8       0
                maintext                             1B       1B      45A        8       0
                cstackBANK0                          20       20       43       20       1
                cstackCOMMON                         70       70        A       70       1
                bssBANK0                             63       63        5       20       1
                bssCOMMON                            7A       7A        1       70       1
                strings                             800      800       1E     1000       0

TOTAL           Name                               Link     Load   Length     Space
        CLASS   CODE           
                end_init                              C        C        3         0
                cinit                                 F        F        C         0
                intentry                              4        4        8         0
                reset_vec                             0        0        3         0
                text23                              CC2      CC2        A         0
                text22                              D0F      D0F       1C         0
                text21                              DCB      DCB       37         0
                text20                              CB9      CB9        9         0
                text19                              D6C      D6C       2B         0
                text18                              76F      76F       8E         0
                text17                              CF0      CF0        F         0
                text16                              EC8      EC8       66         0
                text15                              E80      E80       48         0
                text14                              F95      F95       6B         0
                text13                              D97      D97       34         0
                text12                              CD7      CD7        C         0
                text11                              E3C      E3C       44         0
                text10                              E02      E02       3A         0
                text9                               F2E      F2E       67         0
                text8                               D2B      D2B       1C         0
                text7                               CCC      CCC        B         0
                text6                               CE3      CE3        D         0
                text5                               D47      D47       25         0
                text4                               CFF      CFF       10         0
                text3                               475      475      13A         0
                text2                               6A9      6A9       C6         0
                text1                               5AF      5AF       FA         0
                maintext                             1B       1B      45A         0

        CLASS   STRCODE        

        CLASS   STRING         
                strings                             800      800       1E         0

        CLASS   CONST          

        CLASS   ENTRY          

        CLASS   COMMON         
                cstackCOMMON                         70       70        A         1
                bssCOMMON                            7A       7A        1         1

        CLASS   BANK0          
                cstackBANK0                          20       20       43         1
                bssBANK0                             63       63        5         1

        CLASS   BANK1          

        CLASS   BANK2          

        CLASS   BANK3          

        CLASS   RAM            

        CLASS   ABS1           
                abs_s1                               7E       7E        2         1

        CLASS   SFR0           

        CLASS   SFR1           

        CLASS   SFR2           

        CLASS   SFR3           

        CLASS   CONFIG         
                config                             2007     2007        1         4

        CLASS   IDLOC          

        CLASS   EEDATA         

        CLASS   HEAP           

        CLASS   STACK          



SEGMENTS        Name                           Load    Length   Top    Selector   Space  Class     Delta

                reset_vec                      000000  000003  000003         0       0  CODE        2
                intentry                       000004  0007F9  0007FD         8       0  CODE        2
                cstackBANK0                    000020  000048  000068        20       1  BANK0       1
                cstackCOMMON                   000070  00000B  00007B        70       1  COMMON      1
                strings                        000800  00001E  00081E      1000       0  STRING      2
                text20                         000CB9  000009  000CC2      1972       0  CODE        2
                text23                         000CC2  00000A  000CCC      1984       0  CODE        2
                text7                          000CCC  00000B  000CD7      1998       0  CODE        2
                text12                         000CD7  00000C  000CE3      19AE       0  CODE        2
                text6                          000CE3  00000D  000CF0      19C6       0  CODE        2
                text17                         000CF0  00000F  000CFF      19E0       0  CODE        2
                text4                          000CFF  000010  000D0F      19FE       0  CODE        2
                text22                         000D0F  00001C  000D2B      1A1E       0  CODE        2
                text8                          000D2B  00001C  000D47      1A56       0  CODE        2
                text5                          000D47  000025  000D6C      1A8E       0  CODE        2
                text19                         000D6C  00002B  000D97      1AD8       0  CODE        2
                text13                         000D97  000034  000DCB      1B2E       0  CODE        2
                text21                         000DCB  000037  000E02      1B96       0  CODE        2
                text10                         000E02  00003A  000E3C      1C04       0  CODE        2
                text11                         000E3C  000044  000E80      1C78       0  CODE        2
                text15                         000E80  000048  000EC8      1D00       0  CODE        2
                text16                         000EC8  000066  000F2E      1D90       0  CODE        2
                text9                          000F2E  000067  000F95      1E5C       0  CODE        2
                text14                         000F95  00006B  001000      1F2A       0  CODE        2


UNUSED ADDRESS RANGES

        Name                Unused          Largest block    Delta
        BANK0            0068-006F              8           1
        BANK1            00A0-00EF             50           1
        BANK2            0110-016F             60           1
        BANK3            0190-01EF             60           1
        CODE             0003-0003              1           2
                         07FD-07FF              3
                         081E-0CB8            49B
                         1000-1FFF            800
        COMMON           007B-007D              3           1
        CONFIG           2008-2008              1           2
        CONST            0003-0003              1           2
                         07FD-07FF              3
                         081E-0CB8            100
                         1000-1FFF            100
        EEDATA           2100-21FF            100           2
        ENTRY            0003-0003              1           2
                         07FD-07FF              3
                         081E-0CB8            100
                         1000-1FFF            100
        IDLOC            2000-2003              4           2
        RAM              0068-006F              8           1
                         00A0-00EF             50
                         0110-016F             60
                         0190-01EF             60
        SFR0             0000-001F             20           1
        SFR1             0080-009F             20           1
        SFR2             0100-010F             10           1
        SFR3             0180-018F             10           1
        STRCODE          0003-0003              1           2
                         07FD-07FF              3
                         081E-0CB8            49B
                         1000-1FFF           1000
        STRING           0003-0003              1           2
                         07FD-07FF              3
                         081E-0CB8            100
                         1000-1FFF            100

                                  Symbol Table

?_HAL_ADC_Read                 cstackCOMMON 0073
?_SysTick_GetMs                cstackCOMMON 0073
?___lldiv                      cstackBANK0  0028
?___lmul                       cstackBANK0  0020
?___lwdiv                      cstackBANK0  0020
?___lwmod                      cstackBANK0  0027
?___wmul                       cstackCOMMON 0073
HAL_ADC_Read@channel           cstackCOMMON 0076
HAL_GPIO_PullUpEnable@pin      cstackCOMMON 0074
HAL_GPIO_ReadPin@bit_status    cstackCOMMON 0077
HAL_GPIO_ReadPin@pin           cstackCOMMON 0073
HAL_GPIO_ReadPin@port          cstackCOMMON 0076
HAL_GPIO_SetDirection@dir      cstackCOMMON 0074
HAL_GPIO_SetDirection@pin      cstackCOMMON 0073
HAL_GPIO_SetDirection@port     cstackCOMMON 0077
HAL_GPIO_WritePin@pin          cstackCOMMON 0073
HAL_GPIO_WritePin@port         cstackCOMMON 0077
HAL_GPIO_WritePin@state        cstackCOMMON 0074
HAL_PWM_SetDuty@duty           cstackBANK0  0035
HAL_PWM_SetDuty@mapped_duty    cstackBANK0  003B
HAL_UART_Init@baud_rate        cstackBANK0  0035
HAL_UART_WriteChar@bt          cstackCOMMON 0073
HAL_UART_WriteInt@buffer       cstackBANK0  002D
HAL_UART_WriteInt@i            cstackBANK0  0033
HAL_UART_WriteInt@j            cstackBANK0  0035
HAL_UART_WriteInt@val          cstackBANK0  002B
HAL_UART_WriteString@str       cstackCOMMON 0074
ISR@temp_rx                    cstackCOMMON 0072
_ADCON0                        (abs)        001F
_ADCON0bits                    (abs)        001F
_ADCON1                        (abs)        009F
_ADRESH                        (abs)        001E
_ADRESL                        (abs)        009E
_ANSEL                         (abs)        0188
_ANSELH                        (abs)        0189
_ANSELHbits                    (abs)        0189
_CCP1CONbits                   (abs)        0017
_CCP2CONbits                   (abs)        001D
_CCPR1L                        (abs)        0015
_CCPR2L                        (abs)        001B
_HAL_ADC_Init                  text20       0CB9
_HAL_ADC_Read                  text19       0D6C
_HAL_GPIO_PullUpEnable         text4        0CFF
_HAL_GPIO_ReadPin              text18       076F
_HAL_GPIO_SetDirection         text3        0475
_HAL_GPIO_WritePin             text2        06A9
_HAL_PWM_Init                  text17       0CF0
_HAL_PWM_SetDuty               text14       0F95
_HAL_UART_Init                 text13       0D97
_HAL_UART_ReadChar             text23       0CC2
_HAL_UART_WriteChar            text12       0CD7
_HAL_UART_WriteInt             text9        0F2E
_HAL_UART_WriteString          text8        0D2B
_INTCONbits                    (abs)        000B
_ISR                           text21       0DCB
_OPTION_REGbits                (abs)        0081
_PIE1bits                      (abs)        008C
_PIR1bits                      (abs)        000C
_PORTA                         (abs)        0005
_PORTB                         (abs)        0006
_PORTC                         (abs)        0007
_PORTD                         (abs)        0008
_PORTE                         (abs)        0009
_PR2                           (abs)        0092
_RCREG                         (abs)        001A
_RCSTAbits                     (abs)        0018
_SPBRG                         (abs)        0099
_SysTick_GetMs                 text7        0CCC
_SysTick_Init                  text6        0CE3
_SysTick_Update                text22       0D0F
_T1CONbits                     (abs)        0010
_T2CONbits                     (abs)        0012
_TMR0                          (abs)        0001
_TMR1H                         (abs)        000F
_TMR1L                         (abs)        000E
_TRISA                         (abs)        0085
_TRISB                         (abs)        0086
_TRISC                         (abs)        0087
_TRISCbits                     (abs)        0087
_TRISD                         (abs)        0088
_TRISE                         (abs)        0089
_TXREG                         (abs)        0019
_TXSTAbits                     (abs)        0098
_WPUB                          (abs)        0095
__H__absolute__                __absolute__ 0000
__Habs1                        abs1         0000
__Hbank0                       bank0        0000
__Hbank1                       bank1        0000
__Hbank2                       bank2        0000
__Hbank3                       bank3        0000
__HbssBANK0                    bssBANK0     0000
__HbssCOMMON                   bssCOMMON    0000
__Hcinit                       cinit        001B
__Hclrtext                     clrtext      0000
__Hcode                        code         0000
__Hcommon                      common       0000
__Hconfig                      config       2008
__HcstackBANK0                 cstackBANK0  0000
__HcstackCOMMON                cstackCOMMON 0000
__Heeprom_data                 eeprom_data  0000
__Hend_init                    end_init     000F
__Hfunctab                     functab      0000
__Hheap                        heap         0000
__Hinit                        init         000C
__Hintentry                    intentry     000C
__Hmaintext                    maintext     0000
__Hpowerup                     powerup      0000
__Hram                         ram          0000
__Hreset_vec                   reset_vec    0003
__Hsfr0                        sfr0         0000
__Hsfr1                        sfr1         0000
__Hsfr2                        sfr2         0000
__Hsfr3                        sfr3         0000
__Hsivt                        sivt         000C
__Hspace_0                     (abs)        1000
__Hspace_1                     (abs)        007B
__Hspace_2                     (abs)        0000
__Hspace_3                     (abs)        0000
__Hspace_4                     (abs)        400F
__Hstack                       stack        0000
__Hstrings                     strings      0000
__Htext                        text         0000
__L__absolute__                __absolute__ 0000
__Labs1                        abs1         0000
__Lbank0                       bank0        0000
__Lbank1                       bank1        0000
__Lbank2                       bank2        0000
__Lbank3                       bank3        0000
__LbssBANK0                    bssBANK0     0000
__LbssCOMMON                   bssCOMMON    0000
__Lcinit                       cinit        000F
__Lclrtext                     clrtext      0000
__Lcode                        code         0000
__Lcommon                      common       0000
__Lconfig                      config       0000
__LcstackBANK0                 cstackBANK0  0000
__LcstackCOMMON                cstackCOMMON 0000
__Leeprom_data                 eeprom_data  0000
__Lend_init                    end_init     000C
__Lfunctab                     functab      0000
__Lheap                        heap         0000
__Linit                        init         000C
__Lintentry                    intentry     0004
__Lmaintext                    maintext     0000
__Lpowerup                     powerup      0000
__Lram                         ram          0000
__Lreset_vec                   reset_vec    0000
__Lsfr0                        sfr0         0000
__Lsfr1                        sfr1         0000
__Lsfr2                        sfr2         0000
__Lsfr3                        sfr3         0000
__Lsivt                        sivt         000C
__Lspace_0                     (abs)        0000
__Lspace_1                     (abs)        0000
__Lspace_2                     (abs)        0000
__Lspace_3                     (abs)        0000
__Lspace_4                     (abs)        0000
__Lstack                       stack        0000
__Lstrings                     strings      0000
__Ltext                        text         0000
__S0                           (abs)        1000
__S1                           (abs)        007B
__S3                           (abs)        0000
___heap_hi                     (abs)        0000
___heap_lo                     (abs)        0000
___int_sp                      stack        0000
___int_stack_hi                stack        0000
___int_stack_lo                stack        0000
___latbits                     (abs)        0002
___lldiv                       text16       0EC8
___lldiv@counter               cstackBANK0  0034
___lldiv@dividend              cstackBANK0  002C
___lldiv@divisor               cstackBANK0  0028
___lldiv@quotient              cstackBANK0  0030
___lmul                        text15       0E80
___lmul@multiplicand           cstackBANK0  0024
___lmul@multiplier             cstackBANK0  0020
___lmul@product                cstackCOMMON 0074
___lwdiv                       text11       0E3C
___lwdiv@counter               cstackBANK0  0026
___lwdiv@dividend              cstackBANK0  0022
___lwdiv@divisor               cstackBANK0  0020
___lwdiv@quotient              cstackBANK0  0024
___lwmod                       text10       0E02
___lwmod@counter               cstackCOMMON 0079
___lwmod@dividend              cstackBANK0  0029
___lwmod@divisor               cstackBANK0  0027
___sp                          stack        0000
___stack_hi                    stack        0000
___stack_lo                    stack        0000
___stackhi                     (abs)        0000
___stacklo                     (abs)        0000
___wmul                        text5        0D47
___wmul@multiplicand           cstackCOMMON 0075
___wmul@multiplier             cstackCOMMON 0073
___wmul@product                cstackCOMMON 0077
__end_of_HAL_ADC_Init          text20       0CC2
__end_of_HAL_ADC_Read          text19       0D97
__end_of_HAL_GPIO_PullUpEnable text4        0D0F
__end_of_HAL_GPIO_ReadPin      text18       07FD
__end_of_HAL_GPIO_SetDirection text3        05AF
__end_of_HAL_GPIO_WritePin     text2        076F
__end_of_HAL_PWM_Init          text17       0CFF
__end_of_HAL_PWM_SetDuty       text14       1000
__end_of_HAL_UART_Init         text13       0DCB
__end_of_HAL_UART_ReadChar     text23       0CCC
__end_of_HAL_UART_WriteChar    text12       0CE3
__end_of_HAL_UART_WriteInt     text9        0F95
__end_of_HAL_UART_WriteString  text8        0D47
__end_of_ISR                   text21       0E02
__end_of_SysTick_GetMs         text7        0CD7
__end_of_SysTick_Init          text6        0CF0
__end_of_SysTick_Update        text22       0D2B
__end_of___lldiv               text16       0F2E
__end_of___lmul                text15       0EC8
__end_of___lwdiv               text11       0E80
__end_of___lwmod               text10       0E3C
__end_of___wmul                text5        0D6C
__end_of__initialization       cinit        0017
__end_of__stringtab            strings      0806
__end_of_main                  maintext     0475
__end_of_sys_config            text1        06A9
__initialization               cinit        000F
__pbssBANK0                    bssBANK0     0063
__pbssCOMMON                   bssCOMMON    007A
__pcstackBANK0                 cstackBANK0  0020
__pcstackCOMMON                cstackCOMMON 0070
__pintentry                    intentry     0004
__pmaintext                    maintext     001B
__pstrings                     strings      0800
__ptext1                       text1        05AF
__ptext10                      text10       0E02
__ptext11                      text11       0E3C
__ptext12                      text12       0CD7
__ptext13                      text13       0D97
__ptext14                      text14       0F95
__ptext15                      text15       0E80
__ptext16                      text16       0EC8
__ptext17                      text17       0CF0
__ptext18                      text18       076F
__ptext19                      text19       0D6C
__ptext2                       text2        06A9
__ptext20                      text20       0CB9
__ptext21                      text21       0DCB
__ptext22                      text22       0D0F
__ptext23                      text23       0CC2
__ptext3                       text3        0475
__ptext4                       text4        0CFF
__ptext5                       text5        0D47
__ptext6                       text6        0CE3
__ptext7                       text7        0CCC
__ptext8                       text8        0D2B
__ptext9                       text9        0F2E
__stringbase                   strings      0805
__stringtab                    strings      0800
_main                          maintext     001B
_main$829                      cstackBANK0  004D
_main$831                      cstackBANK0  004E
_main$833                      cstackBANK0  004F
_main$835                      cstackBANK0  0050
_rx_cmd                        bssBANK0     0067
_sys_config                    text1        05AF
_sys_tick_ms                   bssBANK0     0063
_tick_02ms                     bssCOMMON    007A
btemp                          (abs)        007E
btemp0                         (abs)        007E
btemp1                         (abs)        007F
end_of_initialization          cinit        0017
interrupt_function             intentry     0004
intlevel0                      functab      0000
intlevel1                      functab      0000
intlevel2                      functab      0000
intlevel3                      functab      0000
intlevel4                      functab      0000
intlevel5                      functab      0000
ltemp0a                        (abs)        0080
main@adc_val                   cstackBANK0  005A
main@c_bt1                     cstackBANK0  0053
main@c_bt2                     cstackBANK0  0054
main@c_bt3                     cstackBANK0  0055
main@c_bt4                     cstackBANK0  0056
main@last_uart_time            cstackBANK0  0045
main@lock_state                cstackBANK0  005D
main@p_bt1                     cstackBANK0  0049
main@p_bt2                     cstackBANK0  004A
main@p_bt3                     cstackBANK0  004B
main@p_bt4                     cstackBANK0  004C
main@pot_enabled               cstackBANK0  0062
main@press_bt1                 cstackBANK0  0057
main@press_bt2                 cstackBANK0  0058
main@press_bt3                 cstackBANK0  0059
main@press_bt4                 cstackBANK0  005C
main@start_time                cstackBANK0  005E
main@v_frac                    cstackBANK0  0051
main@v_int                     cstackBANK0  0043
reset_vec                      reset_vec    0000
saved_w                        (abs)        007E
start                          init         000C
start_initialization           cinit        000F
ttemp0a                        (abs)        007F
wtemp0                         (abs)        007E
wtemp0a                        (abs)        007F


MODULE INFORMATION

Module		Function		Class		Link	Load	Size
sys/sys_config/sys_config.c
		_sys_config    		CODE           	05AF	0000	250

sys/sys_config/sys_config.c estimated size: 250

C:\Program Files\Microchip\xc8\v3.10\pic\sources\c99\common\lwmod.c
		___lwmod       		CODE           	0E02	0000	58

C:\Program Files\Microchip\xc8\v3.10\pic\sources\c99\common\lwmod.c estimated size: 58

hal/hal_gpio/hal_gpio.c
		_HAL_GPIO_SetDirection		CODE           	0475	0000	314
		_HAL_GPIO_PullUpEnable		CODE           	0CFF	0000	16
		_HAL_GPIO_ReadPin		CODE           	076F	0000	142
		_HAL_GPIO_WritePin		CODE           	06A9	0000	198

hal/hal_gpio/hal_gpio.c estimated size: 670

hal/hal_uart/hal_uart.c
		_HAL_UART_Init 		CODE           	0D97	0000	52
		_HAL_UART_WriteString		CODE           	0D2B	0000	28
		_HAL_UART_ReadChar		CODE           	0CC2	0000	10
		_HAL_UART_WriteInt		CODE           	0F2E	0000	103
		_HAL_UART_WriteChar		CODE           	0CD7	0000	12

hal/hal_uart/hal_uart.c estimated size: 205

C:\Program Files\Microchip\xc8\v3.10\pic\sources\c99\common\Umul32.c
		___lmul        		CODE           	0E80	0000	72

C:\Program Files\Microchip\xc8\v3.10\pic\sources\c99\common\Umul32.c estimated size: 72

sys/sys_tick/sys_tick.c
		_SysTick_Init  		CODE           	0CE3	0000	13
		_SysTick_GetMs 		CODE           	0CCC	0000	11
		_SysTick_Update		CODE           	0D0F	0000	28

sys/sys_tick/sys_tick.c estimated size: 52

hal/hal_adc/hal_adc.c
		_HAL_ADC_Read  		CODE           	0D6C	0000	43
		_HAL_ADC_Init  		CODE           	0CB9	0000	9

hal/hal_adc/hal_adc.c estimated size: 52

C:\Program Files\Microchip\xc8\v3.10\pic\sources\c99\common\lwdiv.c
		___lwdiv       		CODE           	0E3C	0000	68

C:\Program Files\Microchip\xc8\v3.10\pic\sources\c99\common\lwdiv.c estimated size: 68

shared
		__stringtab    		STRING         	0800	0000	6
		__initialization		CODE           	000F	0000	8

shared estimated size: 14

hal/hal_pwm/hal_pwm.c
		_HAL_PWM_Init  		CODE           	0CF0	0000	15
		_HAL_PWM_SetDuty		CODE           	0F95	0000	107

hal/hal_pwm/hal_pwm.c estimated size: 122

C:\Program Files\Microchip\xc8\v3.10\pic\sources\c99\common\__lldiv.c
		___lldiv       		CODE           	0EC8	0000	102

C:\Program Files\Microchip\xc8\v3.10\pic\sources\c99\common\__lldiv.c estimated size: 102

bai2.c
		_ISR           		CODE           	0DCB	0000	55
		_main          		CODE           	001B	0000	1114

bai2.c estimated size: 1169

C:\Program Files\Microchip\xc8\v3.10\pic\sources\c99\common\Umul16.c
		___wmul        		CODE           	0D47	0000	37

C:\Program Files\Microchip\xc8\v3.10\pic\sources\c99\common\Umul16.c estimated size: 37

